// Jest Snapshot v1, https://goo.gl/fbAQLP

exports[`Tests for Minimum Distance component Should render without crash 1`] = `
<div
  className="StyledMinimumDistance__StyledMinimumDisance-vqza48-0 kYkUOE"
>
  Closest opened Service: 123m
</div>
`;
