// Jest Snapshot v1, https://goo.gl/fbAQLP

exports[`Tests for DrowDown component Should render without crash 1`] = `
<button
  className="StyledDropdown-sc-1d17mlt-0 crWdhk"
>
  <svg
    aria-hidden="true"
    className="svg-inline--fa fa-caret-down fa-w-10 fa-lg "
    color="#363636"
    data-cy="icon"
    data-icon="caret-down"
    data-prefix="fas"
    focusable="false"
    role="img"
    style={Object {}}
    viewBox="0 0 320 512"
    xmlns="http://www.w3.org/2000/svg"
  >
    <path
      d="M31.3 192h257.3c17.8 0 26.7 21.5 14.1 34.1L174.1 354.8c-7.8 7.8-20.5 7.8-28.3 0L17.2 226.1C4.6 213.5 13.5 192 31.3 192z"
      fill="currentColor"
      style={Object {}}
    />
  </svg>
</button>
`;
