// Jest Snapshot v1, https://goo.gl/fbAQLP

exports[`Tests for Icon component Should render without crash 1`] = `null`;
