// Jest Snapshot v1, https://goo.gl/fbAQLP

exports[`Tests for If component Should render without crash 1`] = `""`;
